device cuda
loading wieszcz: checkpoints/wieszcz_107m_6b7_2026-08-06_s1337/final.pt
  106.9M params, block 1024

[1/4] generations under neutral period prompts
  [wieszcz] seed 1337 done (8 generations)
  [wieszcz] seed 1338 done (16 generations)
  [wieszcz] seed 1339 done (24 generations)
  [wieszcz] seed 1340 done (32 generations)
  [wieszcz] seed 1341 done (40 generations)
  [wieszcz] seed 1342 done (48 generations)
  [wieszcz] seed 1343 done (56 generations)
  [wieszcz] seed 1344 done (64 generations)

[1b/4] few-shot arm: exemplars of period prose
  4 passages, 1664 chars, exemplar post-reform shares [0.0, 0.0, 0.0, 0.0]
  wieszcz: 533/748 tokens, 4 kept
  [wieszcz-fewshot] seed 1337 done (8 generations)
  [wieszcz-fewshot] seed 1338 done (16 generations)
  [wieszcz-fewshot] seed 1339 done (24 generations)
  [wieszcz-fewshot] seed 1340 done (32 generations)
  [wieszcz-fewshot] seed 1341 done (40 generations)
  [wieszcz-fewshot] seed 1342 done (48 generations)
  [wieszcz-fewshot] seed 1343 done (56 generations)
  [wieszcz-fewshot] seed 1344 done (64 generations)

[2/4] held-out corpus reference at matched volume

[3/4] era contrast in bits per byte

[4/4] counterfactual futures

loading modern LM: /home/szymon/research/models/papugapt2 (fp32)
Loading weights:   0%|          | 0/149 [00:00<?, ?it/s]Loading weights: 100%|██████████| 149/149 [00:00<00:00, 85516.05it/s]
[transformers] [1mGPT2LMHeadModel LOAD REPORT[0m from: /home/szymon/research/models/papugapt2
Key                                     | Status     |  | 
----------------------------------------+------------+--+-
transformer.h.{0...11}.attn.masked_bias | UNEXPECTED |  | 

Notes:
- UNEXPECTED:	can be ignored when loading from different task/architecture; not ok if you expect identical arch.
  124.4M params

[1/4] modern LM generations (plain)
  [modern-plain] seed 1337 done (8 generations)
  [modern-plain] seed 1338 done (16 generations)
  [modern-plain] seed 1339 done (24 generations)
  [modern-plain] seed 1340 done (32 generations)
  [modern-plain] seed 1341 done (40 generations)
  [modern-plain] seed 1342 done (48 generations)
  [modern-plain] seed 1343 done (56 generations)
  [modern-plain] seed 1344 done (64 generations)

[1/4] modern LM generations (imitate)
  [modern-imitate] seed 1337 done (8 generations)
  [modern-imitate] seed 1338 done (16 generations)
  [modern-imitate] seed 1339 done (24 generations)
  [modern-imitate] seed 1340 done (32 generations)
  [modern-imitate] seed 1341 done (40 generations)
  [modern-imitate] seed 1342 done (48 generations)
  [modern-imitate] seed 1343 done (56 generations)
  [modern-imitate] seed 1344 done (64 generations)

[1b/4] modern LM generations (few-shot: 417/751 tokens, 4 kept)
  [modern-fewshot] seed 1337 done (8 generations)
  [modern-fewshot] seed 1338 done (16 generations)
  [modern-fewshot] seed 1339 done (24 generations)
  [modern-fewshot] seed 1340 done (32 generations)
  [modern-fewshot] seed 1341 done (40 generations)
  [modern-fewshot] seed 1342 done (48 generations)
  [modern-fewshot] seed 1343 done (56 generations)
  [modern-fewshot] seed 1344 done (64 generations)

[3/4] modern LM era contrast

[4/4] modern LM futures

wieszcz modern-marker docs : 1/64  ci95 [0.00276, 0.08334]
wieszcz control-marker docs: 0/64  (period words: a floor, not a leak)
wieszcz orto modern share  : {'n': 25, 'mean': 0.30667, 'sem': 0.09214, 'ci95': [0.12608, 0.48725]}
wieszcz few-shot markers   : 0/64  orto 0.01805
corpus ref modern-marker   : 1/64  control 0/64  orto 0.32773
wieszcz modern-period bpb  : 3.13031
modern LM (plain   ) markers: 2/64  orto 0.99057
modern LM (imitate ) markers: 13/64  orto 0.98256
modern LM (fewshot ) markers: 1/64  orto 0.77332
modern LM modern-period bpb: -0.28045

ERA INTERACTION            : 3.41075 bits/byte ci95 [2.71697, 4.10453]

wrote /home/szymon/research/wieszcz/wieszcz-xix/metrics/temporal_probe_107m_papugapt2_2026-08-18.json
=== DONE 2026-08-18T12:10:38+00:00 ===
